// Jest Snapshot v1, https://goo.gl/fbAQLP

exports[`Testing Layout Component Should render properly 1`] = `
Array [
  <section
    className="trending"
  >
    <div
      className="wrapper"
      id={1}
      onClick={[Function]}
    >
      <p
        className="trending-p"
      >
        TRENDING
      </p>
      <h1
        className="trending-heading"
      >
        Dani nemski
      </h1>
      <div
        className="image-container"
      >
        <img
          alt="someAlt"
          className="trending-image"
        />
      </div>
    </div>
  </section>,
  <section
    className="news"
  >
    <div
      className="main-container"
      id={2}
      onClick={[Function]}
    >
      <div
        className="image-container"
      >
        <img
          alt="someAlt"
          id="news-image"
        />
      </div>
      <div
        className="container"
      >
        <p
          className="news-par"
        >
          NEWS
        </p>
        <p
          className="content-par"
        >
          daniel2
        </p>
      </div>
    </div>
    <div
      className="main-container"
      id={3}
      onClick={[Function]}
    >
      <div
        className="image-container"
      >
        <img
          alt="someAlt"
          id="news-image"
        />
      </div>
      <div
        className="container"
      >
        <p
          className="news-par"
        >
          NEWS
        </p>
        <p
          className="content-par"
        >
          Dani nemski
        </p>
      </div>
    </div>
    <div
      className="main-container"
      id={4}
      onClick={[Function]}
    >
      <div
        className="image-container"
      >
        <img
          alt="someAlt"
          id="news-image"
        />
      </div>
      <div
        className="container"
      >
        <p
          className="news-par"
        >
          NEWS
        </p>
        <p
          className="content-par"
        >
          Dani nemski
        </p>
      </div>
    </div>
    <div
      className="main-container"
      id={5}
      onClick={[Function]}
    >
      <div
        className="image-container"
      >
        <img
          alt="someAlt"
          id="news-image"
        />
      </div>
      <div
        className="container"
      >
        <p
          className="news-par"
        >
          NEWS
        </p>
        <p
          className="content-par"
        >
          Dani nemski
        </p>
      </div>
    </div>
  </section>,
  <fieldset
    className="editor-pick"
  >
    <legend
      className="editor-legend"
    >
      EDITOR'S PICK
    </legend>
  </fieldset>,
  <h2
    className="h-news"
  >
    More news
  </h2>,
  <section
    className="more-news"
  >
    <div
      className="main-container"
      id={6}
      onClick={[Function]}
    >
      <div
        className="image-container"
      >
        <img
          alt="someAlt"
          id="news-image"
        />
      </div>
      <div
        className="dark-container"
      >
        <p
          className="news-par"
        >
          NEWS
        </p>
        <p
          className="content-par"
        >
          Dani nemski
        </p>
      </div>
    </div>
    <div
      className="main-container"
      id={7}
      onClick={[Function]}
    >
      <div
        className="image-container"
      >
        <img
          alt="someAlt"
          id="news-image"
        />
      </div>
      <div
        className="dark-container"
      >
        <p
          className="news-par"
        >
          NEWS
        </p>
        <p
          className="content-par"
        >
          Dani nemski
        </p>
      </div>
    </div>
    <div
      className="main-container"
      id={8}
      onClick={[Function]}
    >
      <div
        className="image-container"
      >
        <img
          alt="someAlt"
          id="news-image"
        />
      </div>
      <div
        className="dark-container"
      >
        <p
          className="news-par"
        >
          NEWS
        </p>
        <p
          className="content-par"
        >
          Dani nemski
        </p>
      </div>
    </div>
    <div
      className="main-container"
      id={9}
      onClick={[Function]}
    >
      <div
        className="image-container"
      >
        <img
          alt="someAlt"
          id="news-image"
        />
      </div>
      <div
        className="dark-container"
      >
        <p
          className="news-par"
        >
          NEWS
        </p>
        <p
          className="content-par"
        >
          Dani nemski
        </p>
      </div>
    </div>
  </section>,
  <section
    className="schedule"
  />,
  <section
    className="standings"
  />,
]
`;
