// Jest Snapshot v1, https://goo.gl/fbAQLP

exports[`Testing Footer Render Links Properly 1`] = `
<footer
  className="footer"
>
  <div
    className="footer-container"
  >
    <a
      className="footer-link"
      href="/"
      onClick={[Function]}
    >
      Home
    </a>
    <a
      className="footer-link"
      href="/news"
      onClick={[Function]}
    >
      News
    </a>
    <a
      className="footer-link"
      href="/videos"
      onClick={[Function]}
    >
      Videos
    </a>
    <a
      className="footer-link"
      href="/schedule"
      onClick={[Function]}
    >
      Schedule
    </a>
    <a
      className="footer-link"
      href="/standings"
      onClick={[Function]}
    >
      Standings
    </a>
    <a
      className="footer-link"
      href="/drivers"
      onClick={[Function]}
    >
      Drivers
    </a>
    <a
      className="footer-link"
      href="/teams"
      onClick={[Function]}
    >
      Teams
    </a>
  </div>
  <div
    className="strong-container"
  >
    <strong>
      @Formula 1 React Project 2022
    </strong>
  </div>
</footer>
`;
