// Jest Snapshot v1, https://goo.gl/fbAQLP

exports[`test App component Should render app compoent 1`] = `
Array [
  <nav
    className="nav"
  >
    <p>
      Loading....
    </p>
  </nav>,
  <main>
    <section
      className="trending"
    >
      <p>
        ...Loading
      </p>
    </section>
    <section
      className="news"
    >
      <p>
        ...Loading
      </p>
    </section>
    <fieldset
      className="editor-pick"
    >
      <legend
        className="editor-legend"
      >
        EDITOR'S PICK
      </legend>
      <p>
        ...Loading
      </p>
    </fieldset>
    <h2
      className="h-news"
    >
      More news
    </h2>
    <section
      className="more-news"
    >
      <p>
        ...Loading
      </p>
    </section>
    <section
      className="schedule"
    />
    <section
      className="standings"
    />
  </main>,
  <footer />,
]
`;
