// Jest Snapshot v1, https://goo.gl/fbAQLP

exports[`test App component Should render app compoent 1`] = `
Array [
  <nav
    className="nav"
  >
    <div
      className="logo-container"
    >
      <img
        src="authLogo.svg"
      />
    </div>
    <div
      className="links-container"
    >
      <a
        href="#/"
        onClick={[Function]}
      >
        Home
      </a>
      <a
        href="#/news"
        onClick={[Function]}
      >
        News
      </a>
      <a
        href="#/videos"
        onClick={[Function]}
      >
        Videos
      </a>
      <a
        href="#/schedule"
        onClick={[Function]}
      >
        Schedule
      </a>
      <a
        href="#/standings"
        onClick={[Function]}
      >
        Standings
      </a>
      <a
        href="#/drivers"
        onClick={[Function]}
      >
        Drivers
      </a>
      <a
        href="#/teams"
        onClick={[Function]}
      >
        Teams
      </a>
    </div>
    <div
      className="auth-container"
    />
  </nav>,
  <main>
    <section
      className="trending"
    >
      <div
        className="lds-ring"
      >
        <div />
        <div />
        <div />
        <div />
      </div>
    </section>
    <section
      className="news"
    >
      <div
        className="lds-ring"
      >
        <div />
        <div />
        <div />
        <div />
      </div>
    </section>
    <fieldset
      className="editor-pick"
    >
      <legend
        className="editor-legend"
      >
        EDITOR'S PICK
      </legend>
      <div
        className="lds-ring"
      >
        <div />
        <div />
        <div />
        <div />
      </div>
    </fieldset>
    <h2
      className="h-news"
    >
      More news
    </h2>
    <section
      className="more-news"
    >
      <div
        className="lds-ring"
      >
        <div />
        <div />
        <div />
        <div />
      </div>
    </section>
    <div
      className="lds-ring"
    >
      <div />
      <div />
      <div />
      <div />
    </div>
    <section
      className="standings"
    >
      <div
        className="main-container"
      >
        <div
          className="heading-container"
        >
          <h2>
            DRIVERS STANDINGS
          </h2>
        </div>
        <div
          className="standings-container"
        >
          <div
            className="lds-ring"
          >
            <div />
            <div />
            <div />
            <div />
          </div>
        </div>
        <a
          href="#/standings"
          onClick={[Function]}
        >
          VIEW FULL STANDINGS
        </a>
      </div>
    </section>
  </main>,
  <footer
    className="footer"
  >
    <div
      className="footer-container"
    >
      <a
        href="#/"
        onClick={[Function]}
      >
        Home
      </a>
      <a
        href="#/news"
        onClick={[Function]}
      >
        News
      </a>
      <a
        href="#/videos"
        onClick={[Function]}
      >
        Videos
      </a>
      <a
        href="#/schedule"
        onClick={[Function]}
      >
        Schedule
      </a>
      <a
        href="#/standings"
        onClick={[Function]}
      >
        Standings
      </a>
      <a
        href="#/drivers"
        onClick={[Function]}
      >
        Drivers
      </a>
      <a
        href="#/teams"
        onClick={[Function]}
      >
        Teams
      </a>
    </div>
    <div
      className="strong-container"
    >
      <strong>
        @Formula 1 React Project 2022
      </strong>
    </div>
  </footer>,
]
`;
